// Jest Snapshot v1, https://goo.gl/fbAQLP

exports[`Pokemon Options debe  de hacer match con el snapshot 1`] = `
<div class="options-container">
  <ul>
    <li>bulbasaur</li>
    <li>ivysaur</li>
    <li>venusaur</li>
    <li>charmander</li>
    <!--Este es para poder oir el click que haga el componente padre, el segundo parametro no siempre es necesario-->
  </ul>
</div>
`;
